<html>
<body>
<pre>
<h1>µVision Build Log</h1>
<h2>Tool Versions:</h2>
IDE-Version: µVision V5.22.0.0
Copyright (C) 2016 ARM Ltd and ARM Germany GmbH. All rights reserved.
License Information: arturo contreras, techsolvers, LIC=----
 
Tool Versions:
Toolchain:       MDK-Lite  Version: 5.22
Toolchain Path:  C:\Keil_v5\ARM\ARMCC\Bin
C Compiler:      Armcc.exe V5.06 update 4 (build 422)
Assembler:       Armasm.exe V5.06 update 4 (build 422)
Linker/Locator:  ArmLink.exe V5.06 update 4 (build 422)
Library Manager: ArmAr.exe V5.06 update 4 (build 422)
Hex Converter:   FromElf.exe V5.06 update 4 (build 422)
CPU DLL:         SARMCM3.DLL V5.22
Dialog DLL:      DCM.DLL V1.13.9.0
Target DLL:      STLink\ST-LINKIII-KEIL_SWO.dll V2.0.18.0
Dialog DLL:      TCM.DLL V1.21.0.0
 
<h2>Project:</h2>
C:\Users\arturo\Documents\Keil_programs\STM32F407_DISCOVERY\pwm_generation\MDK-ARM\pwm_generation.uvprojx
Project File Date:  05/22/2017

<h2>Output:</h2>
*** Using Compiler 'V5.06 update 4 (build 422)', folder: 'C:\Keil_v5\ARM\ARMCC\Bin'
Build target 'pwm_generation'
compiling main.c...
../Src/main.c(165): warning:  #1035-D: single-precision operand implicitly converted to double-precision
  		tiempo += 0.1;
../Src/main.c(54): warning:  #177-D: variable "val"  was declared but never referenced
  	uint8_t val ;
../Src/main.c(55): warning:  #177-D: variable "voltage1"  was declared but never referenced
  	float voltage1 = 0;
../Src/main.c(56): warning:  #177-D: variable "voltage2"  was declared but never referenced
  	float voltage2 = 0;
../Src/main.c(57): warning:  #177-D: variable "voltage3"  was declared but never referenced
  	float voltage3 = 0;
../Src/main.c(58): warning:  #177-D: variable "voltage4"  was declared but never referenced
  	float voltage4 = 0;
../Src/main.c(59): warning:  #177-D: variable "voltage5"  was declared but never referenced
  	float voltage5 = 0;
../Src/main.c(60): warning:  #177-D: variable "voltage6"  was declared but never referenced
  	float voltage6 = 0;
../Src/main.c(66): warning:  #177-D: variable "str2"  was declared but never referenced
  	char str2[15];
../Src/main.c: 9 warnings, 0 errors
linking...
Program Size: Code=12740 RO-data=496 RW-data=8 ZI-data=1320  
"pwm_generation\pwm_generation.axf" - 0 Error(s), 9 Warning(s).

<h2>Software Packages used:</h2>

Package Vendor: ARM
                http://www.keil.com/pack/ARM.CMSIS.5.0.1.pack
                ARM::CMSIS:CORE:5.0.1
                CMSIS (Cortex Microcontroller Software Interface Standard)
   * Component: CORE Version: 5.0.1

<h2>Collection of Component include folders:</h2>
  C:\Users\arturo\Documents\Keil_programs\STM32F407_DISCOVERY\pwm_generation\MDK-ARM\RTE\_pwm_generation
  C:\Keil_v5\ARM\PACK\ARM\CMSIS\5.0.1\CMSIS\Include
  C:\Keil_v5\ARM\PACK\Keil\STM32F4xx_DFP\2.11.0\Drivers\CMSIS\Device\ST\STM32F4xx\Include

<h2>Collection of Component Files used:</h2>

   * Component: ARM::CMSIS:CORE:5.0.1
Build Time Elapsed:  00:00:02
</pre>
</body>
</html>
